Archive member included to satisfy reference by file (symbol)

/usr/lib/gcc/arm-none-eabi/10.3.1/thumb/v6-m/nofp/libgcc.a(_udivsi3.o)
                              led_blinky.o (__aeabi_uidiv)
/usr/lib/gcc/arm-none-eabi/10.3.1/thumb/v6-m/nofp/libgcc.a(_divsi3.o)
                              drivers/fsl_str.o (__aeabi_idiv)
/usr/lib/gcc/arm-none-eabi/10.3.1/thumb/v6-m/nofp/libgcc.a(_dvmd_tls.o)
                              /usr/lib/gcc/arm-none-eabi/10.3.1/thumb/v6-m/nofp/libgcc.a(_udivsi3.o) (__aeabi_idiv0)
/usr/lib/gcc/arm-none-eabi/10.3.1/../../../arm-none-eabi/lib/thumb/v6-m/nofp/libg_nano.a(lib_a-atexit.o)
                              /usr/lib/gcc/arm-none-eabi/10.3.1/../../../arm-none-eabi/lib/thumb/v6-m/nofp/crt0.o (atexit)
/usr/lib/gcc/arm-none-eabi/10.3.1/../../../arm-none-eabi/lib/thumb/v6-m/nofp/libg_nano.a(lib_a-exit.o)
                              /usr/lib/gcc/arm-none-eabi/10.3.1/../../../arm-none-eabi/lib/thumb/v6-m/nofp/crt0.o (exit)
/usr/lib/gcc/arm-none-eabi/10.3.1/../../../arm-none-eabi/lib/thumb/v6-m/nofp/libg_nano.a(lib_a-fini.o)
                              /usr/lib/gcc/arm-none-eabi/10.3.1/../../../arm-none-eabi/lib/thumb/v6-m/nofp/crt0.o (__libc_fini_array)
/usr/lib/gcc/arm-none-eabi/10.3.1/../../../arm-none-eabi/lib/thumb/v6-m/nofp/libg_nano.a(lib_a-impure.o)
                              /usr/lib/gcc/arm-none-eabi/10.3.1/../../../arm-none-eabi/lib/thumb/v6-m/nofp/libg_nano.a(lib_a-exit.o) (_global_impure_ptr)
/usr/lib/gcc/arm-none-eabi/10.3.1/../../../arm-none-eabi/lib/thumb/v6-m/nofp/libg_nano.a(lib_a-init.o)
                              /usr/lib/gcc/arm-none-eabi/10.3.1/../../../arm-none-eabi/lib/thumb/v6-m/nofp/crt0.o (__libc_init_array)
/usr/lib/gcc/arm-none-eabi/10.3.1/../../../arm-none-eabi/lib/thumb/v6-m/nofp/libg_nano.a(lib_a-malloc.o)
                              drivers/fsl_common.o (malloc)
/usr/lib/gcc/arm-none-eabi/10.3.1/../../../arm-none-eabi/lib/thumb/v6-m/nofp/libg_nano.a(lib_a-memcpy-stub.o)
                              drivers/fsl_ftfx_cache.o (memcpy)
/usr/lib/gcc/arm-none-eabi/10.3.1/../../../arm-none-eabi/lib/thumb/v6-m/nofp/libg_nano.a(lib_a-memset.o)
                              /usr/lib/gcc/arm-none-eabi/10.3.1/../../../arm-none-eabi/lib/thumb/v6-m/nofp/crt0.o (memset)
/usr/lib/gcc/arm-none-eabi/10.3.1/../../../arm-none-eabi/lib/thumb/v6-m/nofp/libg_nano.a(lib_a-nano-freer.o)
                              /usr/lib/gcc/arm-none-eabi/10.3.1/../../../arm-none-eabi/lib/thumb/v6-m/nofp/libg_nano.a(lib_a-malloc.o) (_free_r)
/usr/lib/gcc/arm-none-eabi/10.3.1/../../../arm-none-eabi/lib/thumb/v6-m/nofp/libg_nano.a(lib_a-nano-mallocr.o)
                              /usr/lib/gcc/arm-none-eabi/10.3.1/../../../arm-none-eabi/lib/thumb/v6-m/nofp/libg_nano.a(lib_a-malloc.o) (_malloc_r)
/usr/lib/gcc/arm-none-eabi/10.3.1/../../../arm-none-eabi/lib/thumb/v6-m/nofp/libg_nano.a(lib_a-sbrkr.o)
                              /usr/lib/gcc/arm-none-eabi/10.3.1/../../../arm-none-eabi/lib/thumb/v6-m/nofp/libg_nano.a(lib_a-nano-mallocr.o) (_sbrk_r)
/usr/lib/gcc/arm-none-eabi/10.3.1/../../../arm-none-eabi/lib/thumb/v6-m/nofp/libg_nano.a(lib_a-strlen-stub.o)
                              drivers/fsl_str.o (strlen)
/usr/lib/gcc/arm-none-eabi/10.3.1/../../../arm-none-eabi/lib/thumb/v6-m/nofp/libg_nano.a(lib_a-__atexit.o)
                              /usr/lib/gcc/arm-none-eabi/10.3.1/../../../arm-none-eabi/lib/thumb/v6-m/nofp/libg_nano.a(lib_a-atexit.o) (__register_exitproc)
/usr/lib/gcc/arm-none-eabi/10.3.1/../../../arm-none-eabi/lib/thumb/v6-m/nofp/libg_nano.a(lib_a-__call_atexit.o)
                              /usr/lib/gcc/arm-none-eabi/10.3.1/../../../arm-none-eabi/lib/thumb/v6-m/nofp/libg_nano.a(lib_a-__atexit.o) (__call_exitprocs)
/usr/lib/gcc/arm-none-eabi/10.3.1/../../../arm-none-eabi/lib/thumb/v6-m/nofp/libg_nano.a(lib_a-mlock.o)
                              /usr/lib/gcc/arm-none-eabi/10.3.1/../../../arm-none-eabi/lib/thumb/v6-m/nofp/libg_nano.a(lib_a-nano-freer.o) (__malloc_lock)
/usr/lib/gcc/arm-none-eabi/10.3.1/../../../arm-none-eabi/lib/thumb/v6-m/nofp/libg_nano.a(lib_a-reent.o)
                              /usr/lib/gcc/arm-none-eabi/10.3.1/../../../arm-none-eabi/lib/thumb/v6-m/nofp/libg_nano.a(lib_a-sbrkr.o) (errno)

Discarded input sections

 .text          0x0000000000000000        0x0 /usr/lib/gcc/arm-none-eabi/10.3.1/thumb/v6-m/nofp/crti.o
 .data          0x0000000000000000        0x0 /usr/lib/gcc/arm-none-eabi/10.3.1/thumb/v6-m/nofp/crti.o
 .bss           0x0000000000000000        0x0 /usr/lib/gcc/arm-none-eabi/10.3.1/thumb/v6-m/nofp/crti.o
 .text          0x0000000000000000       0x98 /usr/lib/gcc/arm-none-eabi/10.3.1/thumb/v6-m/nofp/crtbegin.o
 .data          0x0000000000000000        0x4 /usr/lib/gcc/arm-none-eabi/10.3.1/thumb/v6-m/nofp/crtbegin.o
 .bss           0x0000000000000000       0x1c /usr/lib/gcc/arm-none-eabi/10.3.1/thumb/v6-m/nofp/crtbegin.o
[...]
Memory Configuration

Name             Origin             Length             Attributes
INTERRUPTS       0x0000000000000000 0x0000000000000100 xr
FLASH_CONFIG     0x0000000000000400 0x0000000000000010 xr
TEXT             0x0000000000000410 0x000000000003fbf0 xr
RAM              0x000000001fffe000 0x0000000000008000 xrw
*default*        0x0000000000000000 0xffffffffffffffff

Linker script and memory map

LOAD /usr/lib/gcc/arm-none-eabi/10.3.1/thumb/v6-m/nofp/crti.o
LOAD /usr/lib/gcc/arm-none-eabi/10.3.1/thumb/v6-m/nofp/crtbegin.o
LOAD /usr/lib/gcc/arm-none-eabi/10.3.1/../../../arm-none-eabi/lib/thumb/v6-m/nofp/crt0.o
                0x0000000000000400                STACK_SIZE = DEFINED (__stack_size__)?__stack_size__:0x400

.interrupts     0x0000000000000000       0xc0
 *(.isr_vector .isr_vector.*)
 .isr_vector    0x0000000000000000       0xc0 startup.o
                0x0000000000000000                g_pfnVectors

.flash_config   0x0000000000000400       0x10
                0x0000000000000400                . = ALIGN (0x4)
                0x0000000000000400        0x4 LONG 0xffffffff
                0x0000000000000404        0x4 LONG 0xffffffff
                0x0000000000000408        0x4 LONG 0xffffffff
                0x000000000000040c        0x4 LONG 0xfffffffe

.text           0x0000000000000410     0x4c62
 *(.text .text.* .gnu.linkonce.t.*)
 .text          0x0000000000000410      0x1e4 led_blinky.o
                0x000000000000054c                SysTick_Handler
                0x000000000000056c                SysTick_DelayTicks
                0x0000000000000594                main
 .text          0x00000000000005f4       0x78 startup.o
                0x00000000000005f4                RTCSIntHandler
                0x00000000000005f4                FTM1IntHandler
                0x00000000000005f4                USBOTGIntHandler
                0x00000000000005f4                UART0SEIntHandler
                0x00000000000005f4                UART2SEIntHandler
                0x00000000000005f4                FTM2IntHandler
                0x00000000000005f4                I2C1IntHandler
                0x00000000000005f4                PORTDIntHandler
                0x00000000000005f4                Default_ResetHandler
                0x00000000000005f4                DMA1IntHandler
                0x00000000000005f4                DACIntHandler
                0x00000000000005f4                ACMPIntHandler
                0x00000000000005f4                ResetHandler
                0x00000000000005f4                LVDIntHandler
                0x00000000000005f4                PORTAIntHandler
                0x00000000000005f4                SPI1IntHandler
                0x00000000000005f4                FTFAIntHandler
                0x00000000000005f4                UART1SEIntHandler
                0x00000000000005f4                ADCIntHandler
                0x00000000000005f4                DMA0IntHandler
                0x00000000000005f4                I2C0IntHandler
                0x00000000000005f4                FTM0IntHandler
                0x00000000000005f4                LLWUIntHandler
                0x00000000000005f4                MCGIntHandler
                0x00000000000005f4                RTCAIntHandler
                0x00000000000005f4                SPI0IntHandler
                0x00000000000005f4                TSIIntHandler
                0x00000000000005f4                LPTMRIntHandler
                0x00000000000005f4                PITIntHandler
                0x00000000000005f4                DMA3IntHandler
                0x00000000000005f4                DMA2IntHandler
                0x0000000000000664                HardFaultIntHandler
                0x0000000000000664                PendSVIntHandler
                0x0000000000000664                SysTickIntHandler
                0x0000000000000664                BusFaultIntHandler
                0x0000000000000664                NMIIntHandler
                0x0000000000000664                UsageFaultIntHandler
                0x0000000000000664                MemManageIntHandler
                0x0000000000000664                SVCIntHandler
                0x0000000000000664                DebugMonIntHandler
 .text          0x000000000000066c      0x330 drivers/fsl_gpio.o
                0x000000000000077c                GPIO_PinInit
                0x00000000000007ec                GPIO_PortGetInterruptFlags
                0x0000000000000824                GPIO_PortClearInterruptFlags
                0x00000000000008b8                FGPIO_PinInit
                0x0000000000000928                FGPIO_PortGetInterruptFlags
                0x0000000000000960                FGPIO_PortClearInterruptFlags
 .text          0x000000000000099c       0xcc drivers/pin_mux.o
                0x0000000000000a10                BOARD_InitBootPins
                0x0000000000000a1e                BOARD_InitPins
 .text          0x0000000000000a68      0x250 drivers/fsl_debug_console.o
                0x0000000000000a68                DbgConsole_Init
                0x0000000000000ab4                DbgConsole_Deinit
                0x0000000000000ac4                DbgConsole_Flush
                0x0000000000000ad4                DbgConsole_Printf
                0x0000000000000b5c                DbgConsole_Putchar
                0x0000000000000b78                DbgConsole_Scanf
                0x0000000000000bc2                DbgConsole_Getchar
                0x0000000000000c48                _write
                0x0000000000000c88                _read
 .text          0x0000000000000cb8      0x210 drivers/fsl_log.o
                0x0000000000000cb8                LOG_Init
                0x0000000000000cf2                LOG_Deinit
                0x0000000000000d00                LOG_WaitIdle
                0x0000000000000d10                LOG_Push
                0x0000000000000d50                LOG_Pop
                0x0000000000000d9a                LOG_ReadLine
                0x0000000000000e50                LOG_ReadCharacter
 .text          0x0000000000000ec8      0x30c drivers/fsl_io.o
                0x0000000000000fc8                IO_Init
                0x000000000000109c                IO_Deinit
                0x00000000000010f4                IO_WaitIdle
                0x0000000000001140                IO_Transfer
 .text          0x00000000000011d4     0x147c drivers/fsl_lpsci.o
                0x00000000000012a4                LPSCI_GetInstance
                0x00000000000012f8                LPSCI_TransferGetRxRingBufferLength
                0x000000000000146c                LPSCI_Init
                0x00000000000016ec                LPSCI_Deinit
                0x0000000000001720                LPSCI_GetDefaultConfig
                0x0000000000001778                LPSCI_SetBaudRate
                0x0000000000001930                LPSCI_EnableInterrupts
                0x0000000000001988                LPSCI_DisableInterrupts
                0x00000000000019ec                LPSCI_GetEnabledInterrupts
                0x0000000000001a24                LPSCI_GetStatusFlags
                0x0000000000001a4a                LPSCI_ClearStatusFlags
                0x0000000000001ae0                LPSCI_WriteBlocking
                0x0000000000001b3c                LPSCI_ReadBlocking
                0x0000000000001c0c                LPSCI_TransferCreateHandle
                0x0000000000001c9c                LPSCI_TransferStartRingBuffer
                0x0000000000001d34                LPSCI_TransferStopRingBuffer
                0x0000000000001db8                LPSCI_TransferSendNonBlocking
                0x0000000000001e88                LPSCI_TransferAbortSend
                0x0000000000001ed8                LPSCI_TransferGetSendCount
                0x0000000000001f48                LPSCI_TransferReceiveNonBlocking
                0x0000000000002140                LPSCI_TransferAbortReceive
                0x00000000000021b8                LPSCI_TransferGetReceiveCount
                0x0000000000002228                LPSCI_TransferHandleIRQ
                0x0000000000002618                LPSCI_TransferHandleErrorIRQ
                0x000000000000262a                UART0_DriverIRQHandler
 .text          0x0000000000002650     0x13bc drivers/fsl_uart.o
                0x0000000000002720                UART_GetInstance
                0x0000000000002780                UART_TransferGetRxRingBufferLength
                0x0000000000002848                UART_Init
                0x0000000000002a50                UART_Deinit
                0x0000000000002a90                UART_GetDefaultConfig
                0x0000000000002ae8                UART_SetBaudRate
                0x0000000000002c18                UART_EnableInterrupts
                0x0000000000002c70                UART_DisableInterrupts
                0x0000000000002cd4                UART_GetEnabledInterrupts
                0x0000000000002d0c                UART_GetStatusFlags
                0x0000000000002d32                UART_ClearStatusFlags
                0x0000000000002dac                UART_WriteBlocking
                0x0000000000002e40                UART_ReadBlocking
                0x0000000000002f44                UART_TransferCreateHandle
                0x0000000000002fe0                UART_TransferStartRingBuffer
                0x0000000000003078                UART_TransferStopRingBuffer
                0x00000000000030fc                UART_TransferSendNonBlocking
                0x00000000000031cc                UART_TransferAbortSend
                0x000000000000321c                UART_TransferGetSendCount
                0x000000000000328c                UART_TransferReceiveNonBlocking
                0x0000000000003484                UART_TransferAbortReceive
                0x00000000000034fc                UART_TransferGetReceiveCount
                0x0000000000003578                UART_TransferHandleIRQ
                0x0000000000003990                UART_TransferHandleErrorIRQ
                0x00000000000039a2                UART1_DriverIRQHandler
                0x00000000000039c8                UART1_RX_TX_DriverIRQHandler
                0x00000000000039d6                UART2_DriverIRQHandler
                0x00000000000039fc                UART2_RX_TX_DriverIRQHandler
 .text          0x0000000000003a0c      0x9a0 drivers/fsl_str.o
                0x0000000000003ba0                StrFormatPrintf
                0x0000000000003ec4                StrFormatScanf
 .text          0x00000000000043ac       0x28 drivers/fsl_assert.o
                0x00000000000043ac                __assert_func
 .text          0x00000000000043d4      0x114 /usr/lib/gcc/arm-none-eabi/10.3.1/thumb/v6-m/nofp/libgcc.a(_udivsi3.o)
                0x00000000000043d4                __udivsi3
                0x00000000000043d4                __aeabi_uidiv
                0x00000000000044e0                __aeabi_uidivmod
 .text          0x00000000000044e8      0x1d4 /usr/lib/gcc/arm-none-eabi/10.3.1/thumb/v6-m/nofp/libgcc.a(_divsi3.o)
                0x00000000000044e8                __aeabi_idiv
                0x00000000000044e8                __divsi3
                0x00000000000046b4                __aeabi_idivmod
 .text          0x00000000000046bc        0x4 /usr/lib/gcc/arm-none-eabi/10.3.1/thumb/v6-m/nofp/libgcc.a(_dvmd_tls.o)
                0x00000000000046bc                __aeabi_ldiv0
                0x00000000000046bc                __aeabi_idiv0
 .text          0x00000000000046c0       0xa8 /usr/lib/gcc/arm-none-eabi/10.3.1/../../../arm-none-eabi/lib/thumb/v6-m/nofp/libg_nano.a(lib_a-memset.o)
                0x00000000000046c0                memset
 .text          0x0000000000004768       0x5c /usr/lib/gcc/arm-none-eabi/10.3.1/../../../arm-none-eabi/lib/thumb/v6-m/nofp/libg_nano.a(lib_a-strlen-stub.o)
                0x0000000000004768                strlen
 *(.glue_7t)
 .glue_7t       0x00000000000047c4        0x0 linker stubs
 *(.glue_7)
 .glue_7        0x00000000000047c4        0x0 linker stubs
 *(.rodata .rodata* .gnu.linkonce.r.*)
 .rodata        0x00000000000047c4       0xe6 drivers/fsl_gpio.o
 *fill*         0x00000000000048aa        0x2 
 .rodata        0x00000000000048ac       0x58 drivers/fsl_debug_console.o
 .rodata        0x0000000000004904       0x5a drivers/fsl_log.o
 *fill*         0x000000000000495e        0x2 
 .rodata        0x0000000000004960       0x28 drivers/fsl_io.o
 .rodata        0x0000000000004988      0x2d0 drivers/fsl_lpsci.o
 .rodata        0x0000000000004c58      0x2b7 drivers/fsl_uart.o
 *fill*         0x0000000000004f0f        0x1 
 .rodata        0x0000000000004f10      0x124 drivers/fsl_str.o
 .rodata        0x0000000000005034       0x3e drivers/fsl_assert.o

.vfp11_veneer   0x0000000000005074        0x0
 .vfp11_veneer  0x0000000000005074        0x0 linker stubs

.v4_bx          0x0000000000005074        0x0
 .v4_bx         0x0000000000005074        0x0 linker stubs

.init           0x0000000000005074        0x4
 .init          0x0000000000005074        0x4 /usr/lib/gcc/arm-none-eabi/10.3.1/thumb/v6-m/nofp/crti.o
                0x0000000000005074                _init

.fini           0x0000000000005078        0x4
 .fini          0x0000000000005078        0x4 /usr/lib/gcc/arm-none-eabi/10.3.1/thumb/v6-m/nofp/crti.o
                0x0000000000005078                _fini

.iplt           0x000000000000507c        0x0
 .iplt          0x000000000000507c        0x0 led_blinky.o

.rel.dyn        0x000000000000507c        0x0
 .rel.iplt      0x000000000000507c        0x0 led_blinky.o

.ARM.extab
 *(.ARM.extab* .gnu.linkonce.armextab.*)

.ARM.exidx
 *(.ARM.exidx* .gnu.linkonce.armexidx.*)
                0x000000000000507c                . = ALIGN (0x4)
                0x000000000000507c                _etext = .
                0x000000000000507c                _sidata = .

.data           0x000000001fffe000        0x4 load address 0x000000000000507c
                0x000000001fffe000                _sdata = .
 *(.data .data.*)
 .data          0x000000001fffe000        0x4 drivers/system_MKL46Z4.o
                0x000000001fffe000                SystemCoreClock
                0x000000001fffe004                . = ALIGN (0x4)
                0x000000001fffe004                _edata = .

.igot.plt       0x000000001fffe004        0x0 load address 0x0000000000005080
 .igot.plt      0x000000001fffe004        0x0 led_blinky.o

.bss            0x000000001fffe004       0x24 load address 0x0000000000005080
                0x000000001fffe004                _sbss = .
 *(.bss .bss.*)
 .bss           0x000000001fffe004        0x4 led_blinky.o
                0x000000001fffe004                g_systickCounter
 .bss           0x000000001fffe008        0x8 drivers/fsl_io.o
 .bss           0x000000001fffe010        0x8 drivers/fsl_lpsci.o
 .bss           0x000000001fffe018       0x10 drivers/fsl_uart.o
 *(COMMON)
                0x000000001fffe028                . = ALIGN (0x4)
                0x000000001fffe028                _ebss = .

.co_stack       0x000000001fffe028      0x400 load address 0x00000000000050a4
                0x000000001fffe028                . = ALIGN (0x8)
                0x000000001fffe428                . = (. + STACK_SIZE)
 *fill*         0x000000001fffe028      0x400 
                0x000000001fffe428                _start_of_stack = .
                0x000000001fffe428                . = ALIGN (0x4)
                0x000000001fffe428                _end = .
LOAD led_blinky.o
LOAD startup.o
LOAD drivers/board.o
LOAD drivers/clock_config.o
LOAD drivers/fsl_clock.o
LOAD drivers/fsl_gpio.o
LOAD drivers/fsl_common.o
LOAD drivers/pin_mux.o
LOAD drivers/system_MKL46Z4.o
LOAD drivers/fsl_debug_console.o
LOAD drivers/fsl_smc.o
LOAD drivers/fsl_log.o
LOAD drivers/fsl_io.o
LOAD drivers/fsl_lpsci.o
LOAD drivers/fsl_uart.o
LOAD drivers/fsl_str.o
LOAD drivers/fsl_ftfx_cache.o
LOAD drivers/fsl_ftfx_controller.o
LOAD drivers/fsl_ftfx_flash.o
LOAD drivers/fsl_assert.o
START GROUP
LOAD /usr/lib/gcc/arm-none-eabi/10.3.1/thumb/v6-m/nofp/libgcc.a
LOAD /usr/lib/gcc/arm-none-eabi/10.3.1/../../../arm-none-eabi/lib/thumb/v6-m/nofp/libg_nano.a
LOAD /usr/lib/gcc/arm-none-eabi/10.3.1/../../../arm-none-eabi/lib/thumb/v6-m/nofp/libc_nano.a
END GROUP
START GROUP
LOAD /usr/lib/gcc/arm-none-eabi/10.3.1/thumb/v6-m/nofp/libgcc.a
LOAD /usr/lib/gcc/arm-none-eabi/10.3.1/../../../arm-none-eabi/lib/thumb/v6-m/nofp/libc_nano.a
END GROUP
LOAD /usr/lib/gcc/arm-none-eabi/10.3.1/thumb/v6-m/nofp/crtend.o
LOAD /usr/lib/gcc/arm-none-eabi/10.3.1/thumb/v6-m/nofp/crtn.o
OUTPUT(led_blinky.elf elf32-littlearm)
LOAD linker stubs

.ARM.attributes
                0x0000000000000000       0x28
 .ARM.attributes
                0x0000000000000000       0x1e /usr/lib/gcc/arm-none-eabi/10.3.1/thumb/v6-m/nofp/crti.o
 .ARM.attributes
                0x000000000000001e       0x2c led_blinky.o
 .ARM.attributes
                0x000000000000004a       0x2c startup.o
 .ARM.attributes
                0x0000000000000076       0x2c drivers/fsl_gpio.o
 .ARM.attributes
                0x00000000000000a2       0x2c drivers/pin_mux.o
 .ARM.attributes
                0x00000000000000ce       0x2c drivers/system_MKL46Z4.o
 .ARM.attributes
                0x00000000000000fa       0x2c drivers/fsl_debug_console.o
 .ARM.attributes
                0x0000000000000126       0x2c drivers/fsl_log.o
 .ARM.attributes
                0x0000000000000152       0x2c drivers/fsl_io.o
 .ARM.attributes
                0x000000000000017e       0x2c drivers/fsl_lpsci.o
 .ARM.attributes
                0x00000000000001aa       0x2c drivers/fsl_uart.o
 .ARM.attributes
                0x00000000000001d6       0x2c drivers/fsl_str.o
 .ARM.attributes
                0x0000000000000202       0x2c drivers/fsl_assert.o
 .ARM.attributes
                0x000000000000022e       0x1e /usr/lib/gcc/arm-none-eabi/10.3.1/thumb/v6-m/nofp/libgcc.a(_udivsi3.o)
 .ARM.attributes
                0x000000000000024c       0x1e /usr/lib/gcc/arm-none-eabi/10.3.1/thumb/v6-m/nofp/libgcc.a(_divsi3.o)
 .ARM.attributes
                0x000000000000026a       0x1e /usr/lib/gcc/arm-none-eabi/10.3.1/thumb/v6-m/nofp/libgcc.a(_dvmd_tls.o)
 .ARM.attributes
                0x0000000000000288       0x2c /usr/lib/gcc/arm-none-eabi/10.3.1/../../../arm-none-eabi/lib/thumb/v6-m/nofp/libg_nano.a(lib_a-memset.o)
 .ARM.attributes
                0x00000000000002b4       0x2c /usr/lib/gcc/arm-none-eabi/10.3.1/../../../arm-none-eabi/lib/thumb/v6-m/nofp/libg_nano.a(lib_a-strlen-stub.o)

.comment        0x0000000000000000       0x33
 .comment       0x0000000000000000       0x33 led_blinky.o
                                         0x34 (size before relaxing)
 .comment       0x0000000000000033       0x34 startup.o
 .comment       0x0000000000000033       0x34 drivers/fsl_gpio.o
 .comment       0x0000000000000033       0x34 drivers/pin_mux.o
 .comment       0x0000000000000033       0x34 drivers/system_MKL46Z4.o
 .comment       0x0000000000000033       0x34 drivers/fsl_debug_console.o
 .comment       0x0000000000000033       0x34 drivers/fsl_log.o
 .comment       0x0000000000000033       0x34 drivers/fsl_io.o
 .comment       0x0000000000000033       0x34 drivers/fsl_lpsci.o
 .comment       0x0000000000000033       0x34 drivers/fsl_uart.o
 .comment       0x0000000000000033       0x34 drivers/fsl_str.o
 .comment       0x0000000000000033       0x34 drivers/fsl_assert.o
 .comment       0x0000000000000033       0x34 /usr/lib/gcc/arm-none-eabi/10.3.1/../../../arm-none-eabi/lib/thumb/v6-m/nofp/libg_nano.a(lib_a-memset.o)
 .comment       0x0000000000000033       0x34 /usr/lib/gcc/arm-none-eabi/10.3.1/../../../arm-none-eabi/lib/thumb/v6-m/nofp/libg_nano.a(lib_a-strlen-stub.o)

.debug_info     0x0000000000000000     0x62b0
 .debug_info    0x0000000000000000      0x72e led_blinky.o
 .debug_info    0x000000000000072e      0x356 startup.o
 .debug_info    0x0000000000000a84      0x87f drivers/fsl_gpio.o
 .debug_info    0x0000000000001303      0x567 drivers/pin_mux.o
 .debug_info    0x000000000000186a      0x40e drivers/system_MKL46Z4.o
 .debug_info    0x0000000000001c78      0x402 drivers/fsl_debug_console.o
 .debug_info    0x000000000000207a      0x374 drivers/fsl_log.o
 .debug_info    0x00000000000023ee      0x8fd drivers/fsl_io.o
 .debug_info    0x0000000000002ceb     0x16e7 drivers/fsl_lpsci.o
 .debug_info    0x00000000000043d2     0x1664 drivers/fsl_uart.o
 .debug_info    0x0000000000005a36      0x505 drivers/fsl_str.o
 .debug_info    0x0000000000005f3b       0xd8 drivers/fsl_assert.o
 .debug_info    0x0000000000006013       0x26 /usr/lib/gcc/arm-none-eabi/10.3.1/thumb/v6-m/nofp/libgcc.a(_udivsi3.o)
 .debug_info    0x0000000000006039       0x26 /usr/lib/gcc/arm-none-eabi/10.3.1/thumb/v6-m/nofp/libgcc.a(_divsi3.o)
 .debug_info    0x000000000000605f       0x26 /usr/lib/gcc/arm-none-eabi/10.3.1/thumb/v6-m/nofp/libgcc.a(_dvmd_tls.o)
 .debug_info    0x0000000000006085      0x13d /usr/lib/gcc/arm-none-eabi/10.3.1/../../../arm-none-eabi/lib/thumb/v6-m/nofp/libg_nano.a(lib_a-memset.o)
 .debug_info    0x00000000000061c2       0xee /usr/lib/gcc/arm-none-eabi/10.3.1/../../../arm-none-eabi/lib/thumb/v6-m/nofp/libg_nano.a(lib_a-strlen-stub.o)

.debug_abbrev   0x0000000000000000     0x168c
 .debug_abbrev  0x0000000000000000      0x22b led_blinky.o
 .debug_abbrev  0x000000000000022b      0x120 startup.o
 .debug_abbrev  0x000000000000034b      0x203 drivers/fsl_gpio.o
 .debug_abbrev  0x000000000000054e      0x189 drivers/pin_mux.o
 .debug_abbrev  0x00000000000006d7      0x148 drivers/system_MKL46Z4.o
 .debug_abbrev  0x000000000000081f      0x178 drivers/fsl_debug_console.o
 .debug_abbrev  0x0000000000000997      0x182 drivers/fsl_log.o
 .debug_abbrev  0x0000000000000b19      0x1f3 drivers/fsl_io.o
 .debug_abbrev  0x0000000000000d0c      0x300 drivers/fsl_lpsci.o
 .debug_abbrev  0x000000000000100c      0x300 drivers/fsl_uart.o
 .debug_abbrev  0x000000000000130c      0x196 drivers/fsl_str.o
 .debug_abbrev  0x00000000000014a2       0x6b drivers/fsl_assert.o
 .debug_abbrev  0x000000000000150d       0x14 /usr/lib/gcc/arm-none-eabi/10.3.1/thumb/v6-m/nofp/libgcc.a(_udivsi3.o)
 .debug_abbrev  0x0000000000001521       0x14 /usr/lib/gcc/arm-none-eabi/10.3.1/thumb/v6-m/nofp/libgcc.a(_divsi3.o)
 .debug_abbrev  0x0000000000001535       0x14 /usr/lib/gcc/arm-none-eabi/10.3.1/thumb/v6-m/nofp/libgcc.a(_dvmd_tls.o)
 .debug_abbrev  0x0000000000001549       0xb4 /usr/lib/gcc/arm-none-eabi/10.3.1/../../../arm-none-eabi/lib/thumb/v6-m/nofp/libg_nano.a(lib_a-memset.o)
 .debug_abbrev  0x00000000000015fd       0x8f /usr/lib/gcc/arm-none-eabi/10.3.1/../../../arm-none-eabi/lib/thumb/v6-m/nofp/libg_nano.a(lib_a-strlen-stub.o)

.debug_aranges  0x0000000000000000      0x220
 .debug_aranges
                0x0000000000000000       0x20 led_blinky.o
 .debug_aranges
                0x0000000000000020       0x20 startup.o
 .debug_aranges
                0x0000000000000040       0x20 drivers/fsl_gpio.o
 .debug_aranges
                0x0000000000000060       0x20 drivers/pin_mux.o
 .debug_aranges
                0x0000000000000080       0x20 drivers/system_MKL46Z4.o
 .debug_aranges
                0x00000000000000a0       0x20 drivers/fsl_debug_console.o
 .debug_aranges
                0x00000000000000c0       0x20 drivers/fsl_log.o
 .debug_aranges
                0x00000000000000e0       0x20 drivers/fsl_io.o
 .debug_aranges
                0x0000000000000100       0x20 drivers/fsl_lpsci.o
 .debug_aranges
                0x0000000000000120       0x20 drivers/fsl_uart.o
 .debug_aranges
                0x0000000000000140       0x20 drivers/fsl_str.o
 .debug_aranges
                0x0000000000000160       0x20 drivers/fsl_assert.o
 .debug_aranges
                0x0000000000000180       0x20 /usr/lib/gcc/arm-none-eabi/10.3.1/thumb/v6-m/nofp/libgcc.a(_udivsi3.o)
 .debug_aranges
                0x00000000000001a0       0x20 /usr/lib/gcc/arm-none-eabi/10.3.1/thumb/v6-m/nofp/libgcc.a(_divsi3.o)
 .debug_aranges
                0x00000000000001c0       0x20 /usr/lib/gcc/arm-none-eabi/10.3.1/thumb/v6-m/nofp/libgcc.a(_dvmd_tls.o)
 .debug_aranges
                0x00000000000001e0       0x20 /usr/lib/gcc/arm-none-eabi/10.3.1/../../../arm-none-eabi/lib/thumb/v6-m/nofp/libg_nano.a(lib_a-memset.o)
 .debug_aranges
                0x0000000000000200       0x20 /usr/lib/gcc/arm-none-eabi/10.3.1/../../../arm-none-eabi/lib/thumb/v6-m/nofp/libg_nano.a(lib_a-strlen-stub.o)

.debug_macro    0x0000000000000000     0xd211
 .debug_macro   0x0000000000000000      0x203 led_blinky.o
 .debug_macro   0x0000000000000203      0xa42 led_blinky.o
 .debug_macro   0x0000000000000c45       0x22 led_blinky.o
 .debug_macro   0x0000000000000c67       0x52 led_blinky.o
 .debug_macro   0x0000000000000cb9       0x18 led_blinky.o
 .debug_macro   0x0000000000000cd1       0x94 led_blinky.o
 .debug_macro   0x0000000000000d65       0x35 led_blinky.o
 .debug_macro   0x0000000000000d9a       0x34 led_blinky.o
 .debug_macro   0x0000000000000dce       0x1c led_blinky.o
 .debug_macro   0x0000000000000dea       0x22 led_blinky.o
 .debug_macro   0x0000000000000e0c      0x34e led_blinky.o
 .debug_macro   0x000000000000115a      0x174 led_blinky.o
 .debug_macro   0x00000000000012ce       0x16 led_blinky.o
 .debug_macro   0x00000000000012e4       0x43 led_blinky.o
 .debug_macro   0x0000000000001327       0x57 led_blinky.o
 .debug_macro   0x000000000000137e       0x34 led_blinky.o
 .debug_macro   0x00000000000013b2       0x10 led_blinky.o
 .debug_macro   0x00000000000013c2       0x52 led_blinky.o
 .debug_macro   0x0000000000001414      0x182 led_blinky.o
 .debug_macro   0x0000000000001596      0x333 led_blinky.o
 .debug_macro   0x00000000000018c9       0x10 led_blinky.o
 .debug_macro   0x00000000000018d9       0x35 led_blinky.o
 .debug_macro   0x000000000000190e       0x16 led_blinky.o
 .debug_macro   0x0000000000001924       0x16 led_blinky.o
 .debug_macro   0x000000000000193a       0x29 led_blinky.o
 .debug_macro   0x0000000000001963       0x10 led_blinky.o
 .debug_macro   0x0000000000001973       0x3f led_blinky.o
 .debug_macro   0x00000000000019b2       0x1c led_blinky.o
 .debug_macro   0x00000000000019ce       0x22 led_blinky.o
 .debug_macro   0x00000000000019f0       0xd1 led_blinky.o
 .debug_macro   0x0000000000001ac1      0x3ad led_blinky.o
 .debug_macro   0x0000000000001e6e       0x38 led_blinky.o
 .debug_macro   0x0000000000001ea6     0x87f8 led_blinky.o
 .debug_macro   0x000000000000a69e     0x121a led_blinky.o
 .debug_macro   0x000000000000b8b8       0x52 led_blinky.o
 .debug_macro   0x000000000000b90a      0x10a led_blinky.o
 .debug_macro   0x000000000000ba14       0x74 led_blinky.o
 .debug_macro   0x000000000000ba88       0x16 led_blinky.o
 .debug_macro   0x000000000000ba9e       0x10 led_blinky.o
 .debug_macro   0x000000000000baae      0x102 led_blinky.o
 .debug_macro   0x000000000000bbb0       0x16 led_blinky.o
 .debug_macro   0x000000000000bbc6       0x69 startup.o
 .debug_macro   0x000000000000bc2f      0x1d9 drivers/fsl_gpio.o
 .debug_macro   0x000000000000be08      0x1d5 drivers/pin_mux.o
 .debug_macro   0x000000000000bfdd       0x75 drivers/system_MKL46Z4.o
 .debug_macro   0x000000000000c052      0x1f2 drivers/fsl_debug_console.o
 .debug_macro   0x000000000000c244       0x58 drivers/fsl_debug_console.o
 .debug_macro   0x000000000000c29c      0x10e drivers/fsl_debug_console.o
 .debug_macro   0x000000000000c3aa       0x8d drivers/fsl_debug_console.o
 .debug_macro   0x000000000000c437       0x16 drivers/fsl_debug_console.o
 .debug_macro   0x000000000000c44d       0x28 drivers/fsl_debug_console.o
 .debug_macro   0x000000000000c475       0x57 drivers/fsl_debug_console.o
 .debug_macro   0x000000000000c4cc      0x218 drivers/fsl_log.o
 .debug_macro   0x000000000000c6e4      0x1f4 drivers/fsl_io.o
 .debug_macro   0x000000000000c8d8       0x10 drivers/fsl_io.o
 .debug_macro   0x000000000000c8e8       0x10 drivers/fsl_io.o
 .debug_macro   0x000000000000c8f8      0x1d9 drivers/fsl_lpsci.o
 .debug_macro   0x000000000000cad1      0x1df drivers/fsl_uart.o
 .debug_macro   0x000000000000ccb0      0x1ec drivers/fsl_str.o
 .debug_macro   0x000000000000ce9c      0x1a9 drivers/fsl_str.o
 .debug_macro   0x000000000000d045      0x1cc drivers/fsl_assert.o

.debug_line     0x0000000000000000     0x41a5
 .debug_line    0x0000000000000000      0x3bb led_blinky.o
 .debug_line    0x00000000000003bb      0x128 startup.o
 .debug_line    0x00000000000004e3      0x3f8 drivers/fsl_gpio.o
 .debug_line    0x00000000000008db      0x30d drivers/pin_mux.o
 .debug_line    0x0000000000000be8      0x242 drivers/system_MKL46Z4.o
 .debug_line    0x0000000000000e2a      0x3ee drivers/fsl_debug_console.o
 .debug_line    0x0000000000001218      0x3c7 drivers/fsl_log.o
 .debug_line    0x00000000000015df      0x469 drivers/fsl_io.o
 .debug_line    0x0000000000001a48      0xb85 drivers/fsl_lpsci.o
 .debug_line    0x00000000000025cd      0xb5b drivers/fsl_uart.o
 .debug_line    0x0000000000003128      0x93d drivers/fsl_str.o
 .debug_line    0x0000000000003a65      0x2c1 drivers/fsl_assert.o
 .debug_line    0x0000000000003d26       0x6c /usr/lib/gcc/arm-none-eabi/10.3.1/thumb/v6-m/nofp/libgcc.a(_udivsi3.o)
 .debug_line    0x0000000000003d92       0x73 /usr/lib/gcc/arm-none-eabi/10.3.1/thumb/v6-m/nofp/libgcc.a(_divsi3.o)
 .debug_line    0x0000000000003e05       0x60 /usr/lib/gcc/arm-none-eabi/10.3.1/thumb/v6-m/nofp/libgcc.a(_dvmd_tls.o)
 .debug_line    0x0000000000003e65      0x1ce /usr/lib/gcc/arm-none-eabi/10.3.1/../../../arm-none-eabi/lib/thumb/v6-m/nofp/libg_nano.a(lib_a-memset.o)
 .debug_line    0x0000000000004033      0x172 /usr/lib/gcc/arm-none-eabi/10.3.1/../../../arm-none-eabi/lib/thumb/v6-m/nofp/libg_nano.a(lib_a-strlen-stub.o)

.debug_str      0x0000000000000000    0x502af
 .debug_str     0x0000000000000000    0x4d2e0 led_blinky.o
                                      0x4d685 (size before relaxing)
 .debug_str     0x000000000004d2e0      0x171 startup.o
                                      0x4222c (size before relaxing)
 .debug_str     0x000000000004d451      0x11e drivers/fsl_gpio.o
                                      0x4cd25 (size before relaxing)
 .debug_str     0x000000000004d56f      0x35d drivers/pin_mux.o
                                      0x4c9c0 (size before relaxing)
 .debug_str     0x000000000004d8cc       0x7b drivers/system_MKL46Z4.o
                                      0x48bd6 (size before relaxing)
 .debug_str     0x000000000004d947      0x509 drivers/fsl_debug_console.o
                                      0x4cac7 (size before relaxing)
 .debug_str     0x000000000004de50      0x200 drivers/fsl_log.o
                                      0x4c9c7 (size before relaxing)
 .debug_str     0x000000000004e050      0x601 drivers/fsl_io.o
                                      0x4d360 (size before relaxing)
 .debug_str     0x000000000004e651      0x89a drivers/fsl_lpsci.o
                                      0x4dac2 (size before relaxing)
 .debug_str     0x000000000004eeeb      0x774 drivers/fsl_uart.o
                                      0x4dadf (size before relaxing)
 .debug_str     0x000000000004f65f      0x9b6 drivers/fsl_str.o
                                      0x4d21d (size before relaxing)
 .debug_str     0x0000000000050015       0x33 drivers/fsl_assert.o
                                      0x4c5f0 (size before relaxing)
 .debug_str     0x0000000000050048       0xa6 /usr/lib/gcc/arm-none-eabi/10.3.1/thumb/v6-m/nofp/libgcc.a(_udivsi3.o)
 .debug_str     0x00000000000500ee       0xa6 /usr/lib/gcc/arm-none-eabi/10.3.1/thumb/v6-m/nofp/libgcc.a(_divsi3.o)
 .debug_str     0x00000000000500ee       0xa6 /usr/lib/gcc/arm-none-eabi/10.3.1/thumb/v6-m/nofp/libgcc.a(_dvmd_tls.o)
 .debug_str     0x00000000000500ee      0x116 /usr/lib/gcc/arm-none-eabi/10.3.1/../../../arm-none-eabi/lib/thumb/v6-m/nofp/libg_nano.a(lib_a-memset.o)
                                        0x1b9 (size before relaxing)
 .debug_str     0x0000000000050204       0xab /usr/lib/gcc/arm-none-eabi/10.3.1/../../../arm-none-eabi/lib/thumb/v6-m/nofp/libg_nano.a(lib_a-strlen-stub.o)
                                        0x1ca (size before relaxing)

.debug_frame    0x0000000000000000     0x10cc
 .debug_frame   0x0000000000000000       0xcc led_blinky.o
 .debug_frame   0x00000000000000cc       0x4c startup.o
 .debug_frame   0x0000000000000118      0x190 drivers/fsl_gpio.o
 .debug_frame   0x00000000000002a8       0x88 drivers/pin_mux.o
 .debug_frame   0x0000000000000330       0x68 drivers/system_MKL46Z4.o
 .debug_frame   0x0000000000000398      0x150 drivers/fsl_debug_console.o
 .debug_frame   0x00000000000004e8      0x108 drivers/fsl_log.o
 .debug_frame   0x00000000000005f0      0x108 drivers/fsl_io.o
 .debug_frame   0x00000000000006f8      0x414 drivers/fsl_lpsci.o
 .debug_frame   0x0000000000000b0c      0x464 drivers/fsl_uart.o
 .debug_frame   0x0000000000000f70       0x94 drivers/fsl_str.o
 .debug_frame   0x0000000000001004       0x30 drivers/fsl_assert.o
 .debug_frame   0x0000000000001034       0x20 /usr/lib/gcc/arm-none-eabi/10.3.1/thumb/v6-m/nofp/libgcc.a(_udivsi3.o)
 .debug_frame   0x0000000000001054       0x20 /usr/lib/gcc/arm-none-eabi/10.3.1/thumb/v6-m/nofp/libgcc.a(_divsi3.o)
 .debug_frame   0x0000000000001074       0x30 /usr/lib/gcc/arm-none-eabi/10.3.1/../../../arm-none-eabi/lib/thumb/v6-m/nofp/libg_nano.a(lib_a-memset.o)
 .debug_frame   0x00000000000010a4       0x28 /usr/lib/gcc/arm-none-eabi/10.3.1/../../../arm-none-eabi/lib/thumb/v6-m/nofp/libg_nano.a(lib_a-strlen-stub.o)

.debug_loc      0x0000000000000000      0x333
 .debug_loc     0x0000000000000000      0x2a3 /usr/lib/gcc/arm-none-eabi/10.3.1/../../../arm-none-eabi/lib/thumb/v6-m/nofp/libg_nano.a(lib_a-memset.o)
 .debug_loc     0x00000000000002a3       0x90 /usr/lib/gcc/arm-none-eabi/10.3.1/../../../arm-none-eabi/lib/thumb/v6-m/nofp/libg_nano.a(lib_a-strlen-stub.o)
